A51 MACRO ASSEMBLER  LAB1                                                                 09/27/2016 02:58:48 PAGE     1


MACRO ASSEMBLER A51 V8.2.5.0
OBJECT MODULE PLACED IN .\Objects\Lab1.obj
ASSEMBLER INVOKED BY: C:\Keil_v5\C51\BIN\A51.EXE Lab1.a51 SET(SMALL) DEBUG PRINT(.\Listings\Lab1.lst) OBJECT(.\Objects\L
                      ab1.obj) EP

LOC  OBJ            LINE     SOURCE

0000                   1                     ORG     00

0000 802E              2                     JMP     MAIN

                       3                                                     ; MACROS MUST BE DEFINED BEFORE USE IN THE 
                             SOURCE CODE

                       4                                     BLOCK1  MACRO   ;START OF A REPEAT BLOCK 1

                       5                     CLR     A 

                       6                     MOVC    A, @A+DPTR

                       7                     MOV     B,A

                       8                     ENDM

                       9     

                      10                                     BLOCK2  MACRO   ;START OF A REPEAT BLOCK 2

                      11                     CLR     A

                      12                     MOVC    A, @A+DPTR

                      13                     MOV     C, 00

                      14                     ADD     A,B

                      15                     MOV     00, C

                      16                     ENDM

                      17     

0030                  18                     ORG     30H

0030                  19     MAIN:

0030 758000           20                     MOV     P0, #0

0033 759000           21                     MOV     P1, #0

0036 75A000           22                     MOV     P2, #0

0039 75B000           23                     MOV     P3, #0

003C C200             24                     CLR     00

                      25             

003E 900100           26                     MOV     DPTR, #100H 

                      27                                     BLOCK1

0045 900105           31                     MOV     DPTR, #105H

                      32                                     BLOCK2

0050 F540             38                     MOV     40H, A

0052 F5A0             39                     MOV     P2, A

                      40             

                      41             

0054 900101           42                     MOV     DPTR, #101H

                      43                                     BLOCK1

005B 900106           47                     MOV     DPTR, #106H

                      48                                     BLOCK2

0066 F541             54                     MOV     41H, A

0068 F590             55                     MOV     P1, A

                      56                     

                      57                     

006A 900102           58                     MOV     DPTR, #102H

                      59                                     BLOCK1

0071 900107           63                     MOV     DPTR, #107H

                      64                                     BLOCK2

007C F542             70                     MOV     42H, A

007E F580             71                     MOV     P0, A

                      72             

                      73             

0080 30D208           74                     JNB     OV, NOOV

0083 7401             75                     MOV     A, #1

0085 F543             76                     MOV     43H, A

0087 F5B0             77                     MOV     P3, A

0089 8004             78                     JMP     WAIT

008B                  79     NOOV: 

008B 7400             80                     MOV     A, #0

A51 MACRO ASSEMBLER  LAB1                                                                 09/27/2016 02:58:48 PAGE     2

008D F5B0             81                     MOV     P3, A

008F 80FE             82     WAIT:   JMP $

                      83                     

0100                  84                     ORG     100H

0100 001245           85                     DB              0, 18, 69

0105                  86                     ORG             105H

0105 42F442           87                     DB              66, -12, 66

                      88                     END

                                                     

                                     

                                     

A51 MACRO ASSEMBLER  LAB1                                                                 09/27/2016 02:58:48 PAGE     3

SYMBOL TABLE LISTING
------ ----- -------


N A M E             T Y P E  V A L U E   ATTRIBUTES

B. . . . . . . . .  D ADDR   00F0H   A   
MAIN . . . . . . .  C ADDR   0030H   A   
NOOV . . . . . . .  C ADDR   008BH   A   
OV . . . . . . . .  B ADDR   00D0H.2 A   
P0 . . . . . . . .  D ADDR   0080H   A   
P1 . . . . . . . .  D ADDR   0090H   A   
P2 . . . . . . . .  D ADDR   00A0H   A   
P3 . . . . . . . .  D ADDR   00B0H   A   
WAIT . . . . . . .  C ADDR   008FH   A   


REGISTER BANK(S) USED: 0 


ASSEMBLY COMPLETE.  0 WARNING(S), 0 ERROR(S)
